{
    "-profile test": {
        "content": [
            {
                "CAT_FASTQ": {
                    "cat": 9.5
                },
                "CELLPOSE_SEGMENTATION": {
                    "cellpose": "4.0.8",
                    "czifile": "2019.7.2.2",
                    "python": "3.10.12",
                    "tifffile": "2025.5.10",
                    "torch": "2.10.0",
                    "torchvision": "0.25.0"
                },
                "COLLECT_QC": {
                    "pandas": "3.0.1",
                    "python": "3.12.12"
                },
                "COLLECT_SPACERANGER_METRICS": {
                    "pandas": "2.3.3",
                    "python": "3.11.11"
                },
                "FASTQC": {
                    "fastqc": "0.12.1"
                },
                "FQ_LINT": {
                    "fq": "0.12.0 (2024-07-08)"
                },
                "IMAGE_TO_TIFF": {
                    "container": "docker.io/nfdata/cellpose-cuda:v4.0.8-torch2.10.0-cuda12.1.1"
                },
                "SEGMENTATION_AND_MICROSCOPY_PLOTS": {
                    "container": "docker.io/nfdata/spatialdata:v0.7.2"
                },
                "SPACERANGER_COUNT": {
                    "spaceranger": "3.1.3"
                },
                "SPACERANGER_TO_ZARR": {
                    "numpy": "2.3.5",
                    "pandas": "2.3.3",
                    "python": "3.11.11",
                    "scipy": "1.16.3",
                    "spatialdata": "0.7.2",
                    "spatialdata_io": "0.6.0"
                },
                "SPATIAL_QUALITY_CONTROL": {
                    "matplotlib": "3.10.8",
                    "pandas": "2.3.3",
                    "python": "3.11.11",
                    "scanpy": "1.11.5",
                    "scipy": "1.16.3",
                    "seaborn": "0.13.2",
                    "spatialdata": "0.7.2",
                    "spatialdata-plot": "0.2.14",
                    "spotsweeper": "1.0.0"
                },
                "TAR": {
                    "tar": 1.34
                },
                "UNTAR_SPACERANGER_REF": {
                    "untar": 1.34
                },
                "Workflow": {
                    "nfdata-omics/spatialomics": "v0.0.1dev"
                }
            },
            [
                "cell_segmentation",
                "cell_segmentation/Visium_HD_Human_Lung_Cancer_HD_Only_Experiment2_mask.tif",
                "count",
                "count/Visium_HD_Human_Lung_Cancer_HD_Only_Experiment2",
                "count/Visium_HD_Human_Lung_Cancer_HD_Only_Experiment2.zarr.tar.gz",
                "count/Visium_HD_Human_Lung_Cancer_HD_Only_Experiment2/binned_outputs",
                "count/Visium_HD_Human_Lung_Cancer_HD_Only_Experiment2/binned_outputs/square_002um",
                "count/Visium_HD_Human_Lung_Cancer_HD_Only_Experiment2/binned_outputs/square_002um/filtered_feature_bc_matrix",
                "count/Visium_HD_Human_Lung_Cancer_HD_Only_Experiment2/binned_outputs/square_002um/filtered_feature_bc_matrix.h5",
                "count/Visium_HD_Human_Lung_Cancer_HD_Only_Experiment2/binned_outputs/square_002um/filtered_feature_bc_matrix/barcodes.tsv.gz",
                "count/Visium_HD_Human_Lung_Cancer_HD_Only_Experiment2/binned_outputs/square_002um/filtered_feature_bc_matrix/features.tsv.gz",
                "count/Visium_HD_Human_Lung_Cancer_HD_Only_Experiment2/binned_outputs/square_002um/filtered_feature_bc_matrix/matrix.mtx.gz",
                "count/Visium_HD_Human_Lung_Cancer_HD_Only_Experiment2/binned_outputs/square_002um/raw_feature_bc_matrix",
                "count/Visium_HD_Human_Lung_Cancer_HD_Only_Experiment2/binned_outputs/square_002um/raw_feature_bc_matrix.h5",
                "count/Visium_HD_Human_Lung_Cancer_HD_Only_Experiment2/binned_outputs/square_002um/raw_feature_bc_matrix/barcodes.tsv.gz",
                "count/Visium_HD_Human_Lung_Cancer_HD_Only_Experiment2/binned_outputs/square_002um/raw_feature_bc_matrix/features.tsv.gz",
                "count/Visium_HD_Human_Lung_Cancer_HD_Only_Experiment2/binned_outputs/square_002um/raw_feature_bc_matrix/matrix.mtx.gz",
                "count/Visium_HD_Human_Lung_Cancer_HD_Only_Experiment2/binned_outputs/square_002um/raw_probe_bc_matrix.h5",
                "count/Visium_HD_Human_Lung_Cancer_HD_Only_Experiment2/binned_outputs/square_002um/spatial",
                "count/Visium_HD_Human_Lung_Cancer_HD_Only_Experiment2/binned_outputs/square_002um/spatial/aligned_fiducials.jpg",
                "count/Visium_HD_Human_Lung_Cancer_HD_Only_Experiment2/binned_outputs/square_002um/spatial/aligned_tissue_image.jpg",
                "count/Visium_HD_Human_Lung_Cancer_HD_Only_Experiment2/binned_outputs/square_002um/spatial/cytassist_image.tiff",
                "count/Visium_HD_Human_Lung_Cancer_HD_Only_Experiment2/binned_outputs/square_002um/spatial/detected_tissue_image.jpg",
                "count/Visium_HD_Human_Lung_Cancer_HD_Only_Experiment2/binned_outputs/square_002um/spatial/scalefactors_json.json",
                "count/Visium_HD_Human_Lung_Cancer_HD_Only_Experiment2/binned_outputs/square_002um/spatial/tissue_hires_image.png",
                "count/Visium_HD_Human_Lung_Cancer_HD_Only_Experiment2/binned_outputs/square_002um/spatial/tissue_lowres_image.png",
                "count/Visium_HD_Human_Lung_Cancer_HD_Only_Experiment2/binned_outputs/square_002um/spatial/tissue_positions.parquet",
                "count/Visium_HD_Human_Lung_Cancer_HD_Only_Experiment2/binned_outputs/square_008um",
                "count/Visium_HD_Human_Lung_Cancer_HD_Only_Experiment2/binned_outputs/square_008um/analysis",
                "count/Visium_HD_Human_Lung_Cancer_HD_Only_Experiment2/binned_outputs/square_008um/analysis/clustering",
                "count/Visium_HD_Human_Lung_Cancer_HD_Only_Experiment2/binned_outputs/square_008um/analysis/clustering/gene_expression_graphclust",
                "count/Visium_HD_Human_Lung_Cancer_HD_Only_Experiment2/binned_outputs/square_008um/analysis/clustering/gene_expression_graphclust/clusters.csv",
                "count/Visium_HD_Human_Lung_Cancer_HD_Only_Experiment2/binned_outputs/square_008um/analysis/clustering/gene_expression_kmeans_10_clusters",
                "count/Visium_HD_Human_Lung_Cancer_HD_Only_Experiment2/binned_outputs/square_008um/analysis/clustering/gene_expression_kmeans_10_clusters/clusters.csv",
                "count/Visium_HD_Human_Lung_Cancer_HD_Only_Experiment2/binned_outputs/square_008um/analysis/clustering/gene_expression_kmeans_2_clusters",
                "count/Visium_HD_Human_Lung_Cancer_HD_Only_Experiment2/binned_outputs/square_008um/analysis/clustering/gene_expression_kmeans_2_clusters/clusters.csv",
                "count/Visium_HD_Human_Lung_Cancer_HD_Only_Experiment2/binned_outputs/square_008um/analysis/clustering/gene_expression_kmeans_3_clusters",
                "count/Visium_HD_Human_Lung_Cancer_HD_Only_Experiment2/binned_outputs/square_008um/analysis/clustering/gene_expression_kmeans_3_clusters/clusters.csv",
                "count/Visium_HD_Human_Lung_Cancer_HD_Only_Experiment2/binned_outputs/square_008um/analysis/clustering/gene_expression_kmeans_4_clusters",
                "count/Visium_HD_Human_Lung_Cancer_HD_Only_Experiment2/binned_outputs/square_008um/analysis/clustering/gene_expression_kmeans_4_clusters/clusters.csv",
                "count/Visium_HD_Human_Lung_Cancer_HD_Only_Experiment2/binned_outputs/square_008um/analysis/clustering/gene_expression_kmeans_5_clusters",
                "count/Visium_HD_Human_Lung_Cancer_HD_Only_Experiment2/binned_outputs/square_008um/analysis/clustering/gene_expression_kmeans_5_clusters/clusters.csv",
                "count/Visium_HD_Human_Lung_Cancer_HD_Only_Experiment2/binned_outputs/square_008um/analysis/clustering/gene_expression_kmeans_6_clusters",
                "count/Visium_HD_Human_Lung_Cancer_HD_Only_Experiment2/binned_outputs/square_008um/analysis/clustering/gene_expression_kmeans_6_clusters/clusters.csv",
                "count/Visium_HD_Human_Lung_Cancer_HD_Only_Experiment2/binned_outputs/square_008um/analysis/clustering/gene_expression_kmeans_7_clusters",
                "count/Visium_HD_Human_Lung_Cancer_HD_Only_Experiment2/binned_outputs/square_008um/analysis/clustering/gene_expression_kmeans_7_clusters/clusters.csv",
                "count/Visium_HD_Human_Lung_Cancer_HD_Only_Experiment2/binned_outputs/square_008um/analysis/clustering/gene_expression_kmeans_8_clusters",
                "count/Visium_HD_Human_Lung_Cancer_HD_Only_Experiment2/binned_outputs/square_008um/analysis/clustering/gene_expression_kmeans_8_clusters/clusters.csv",
                "count/Visium_HD_Human_Lung_Cancer_HD_Only_Experiment2/binned_outputs/square_008um/analysis/clustering/gene_expression_kmeans_9_clusters",
                "count/Visium_HD_Human_Lung_Cancer_HD_Only_Experiment2/binned_outputs/square_008um/analysis/clustering/gene_expression_kmeans_9_clusters/clusters.csv",
                "count/Visium_HD_Human_Lung_Cancer_HD_Only_Experiment2/binned_outputs/square_008um/analysis/diffexp",
                "count/Visium_HD_Human_Lung_Cancer_HD_Only_Experiment2/binned_outputs/square_008um/analysis/diffexp/gene_expression_graphclust",
                "count/Visium_HD_Human_Lung_Cancer_HD_Only_Experiment2/binned_outputs/square_008um/analysis/diffexp/gene_expression_graphclust/differential_expression.csv",
                "count/Visium_HD_Human_Lung_Cancer_HD_Only_Experiment2/binned_outputs/square_008um/analysis/diffexp/gene_expression_kmeans_10_clusters",
                "count/Visium_HD_Human_Lung_Cancer_HD_Only_Experiment2/binned_outputs/square_008um/analysis/diffexp/gene_expression_kmeans_10_clusters/differential_expression.csv",
                "count/Visium_HD_Human_Lung_Cancer_HD_Only_Experiment2/binned_outputs/square_008um/analysis/diffexp/gene_expression_kmeans_2_clusters",
                "count/Visium_HD_Human_Lung_Cancer_HD_Only_Experiment2/binned_outputs/square_008um/analysis/diffexp/gene_expression_kmeans_2_clusters/differential_expression.csv",
                "count/Visium_HD_Human_Lung_Cancer_HD_Only_Experiment2/binned_outputs/square_008um/analysis/diffexp/gene_expression_kmeans_3_clusters",
                "count/Visium_HD_Human_Lung_Cancer_HD_Only_Experiment2/binned_outputs/square_008um/analysis/diffexp/gene_expression_kmeans_3_clusters/differential_expression.csv",
                "count/Visium_HD_Human_Lung_Cancer_HD_Only_Experiment2/binned_outputs/square_008um/analysis/diffexp/gene_expression_kmeans_4_clusters",
                "count/Visium_HD_Human_Lung_Cancer_HD_Only_Experiment2/binned_outputs/square_008um/analysis/diffexp/gene_expression_kmeans_4_clusters/differential_expression.csv",
                "count/Visium_HD_Human_Lung_Cancer_HD_Only_Experiment2/binned_outputs/square_008um/analysis/diffexp/gene_expression_kmeans_5_clusters",
                "count/Visium_HD_Human_Lung_Cancer_HD_Only_Experiment2/binned_outputs/square_008um/analysis/diffexp/gene_expression_kmeans_5_clusters/differential_expression.csv",
                "count/Visium_HD_Human_Lung_Cancer_HD_Only_Experiment2/binned_outputs/square_008um/analysis/diffexp/gene_expression_kmeans_6_clusters",
                "count/Visium_HD_Human_Lung_Cancer_HD_Only_Experiment2/binned_outputs/square_008um/analysis/diffexp/gene_expression_kmeans_6_clusters/differential_expression.csv",
                "count/Visium_HD_Human_Lung_Cancer_HD_Only_Experiment2/binned_outputs/square_008um/analysis/diffexp/gene_expression_kmeans_7_clusters",
                "count/Visium_HD_Human_Lung_Cancer_HD_Only_Experiment2/binned_outputs/square_008um/analysis/diffexp/gene_expression_kmeans_7_clusters/differential_expression.csv",
                "count/Visium_HD_Human_Lung_Cancer_HD_Only_Experiment2/binned_outputs/square_008um/analysis/diffexp/gene_expression_kmeans_8_clusters",
                "count/Visium_HD_Human_Lung_Cancer_HD_Only_Experiment2/binned_outputs/square_008um/analysis/diffexp/gene_expression_kmeans_8_clusters/differential_expression.csv",
                "count/Visium_HD_Human_Lung_Cancer_HD_Only_Experiment2/binned_outputs/square_008um/analysis/diffexp/gene_expression_kmeans_9_clusters",
                "count/Visium_HD_Human_Lung_Cancer_HD_Only_Experiment2/binned_outputs/square_008um/analysis/diffexp/gene_expression_kmeans_9_clusters/differential_expression.csv",
                "count/Visium_HD_Human_Lung_Cancer_HD_Only_Experiment2/binned_outputs/square_008um/analysis/pca",
                "count/Visium_HD_Human_Lung_Cancer_HD_Only_Experiment2/binned_outputs/square_008um/analysis/pca/gene_expression_10_components",
                "count/Visium_HD_Human_Lung_Cancer_HD_Only_Experiment2/binned_outputs/square_008um/analysis/pca/gene_expression_10_components/components.csv",
                "count/Visium_HD_Human_Lung_Cancer_HD_Only_Experiment2/binned_outputs/square_008um/analysis/pca/gene_expression_10_components/dispersion.csv",
                "count/Visium_HD_Human_Lung_Cancer_HD_Only_Experiment2/binned_outputs/square_008um/analysis/pca/gene_expression_10_components/features_selected.csv",
                "count/Visium_HD_Human_Lung_Cancer_HD_Only_Experiment2/binned_outputs/square_008um/analysis/pca/gene_expression_10_components/projection.csv",
                "count/Visium_HD_Human_Lung_Cancer_HD_Only_Experiment2/binned_outputs/square_008um/analysis/pca/gene_expression_10_components/variance.csv",
                "count/Visium_HD_Human_Lung_Cancer_HD_Only_Experiment2/binned_outputs/square_008um/analysis/umap",
                "count/Visium_HD_Human_Lung_Cancer_HD_Only_Experiment2/binned_outputs/square_008um/analysis/umap/gene_expression_2_components",
                "count/Visium_HD_Human_Lung_Cancer_HD_Only_Experiment2/binned_outputs/square_008um/analysis/umap/gene_expression_2_components/projection.csv",
                "count/Visium_HD_Human_Lung_Cancer_HD_Only_Experiment2/binned_outputs/square_008um/cloupe.cloupe",
                "count/Visium_HD_Human_Lung_Cancer_HD_Only_Experiment2/binned_outputs/square_008um/filtered_feature_bc_matrix",
                "count/Visium_HD_Human_Lung_Cancer_HD_Only_Experiment2/binned_outputs/square_008um/filtered_feature_bc_matrix.h5",
                "count/Visium_HD_Human_Lung_Cancer_HD_Only_Experiment2/binned_outputs/square_008um/filtered_feature_bc_matrix/barcodes.tsv.gz",
                "count/Visium_HD_Human_Lung_Cancer_HD_Only_Experiment2/binned_outputs/square_008um/filtered_feature_bc_matrix/features.tsv.gz",
                "count/Visium_HD_Human_Lung_Cancer_HD_Only_Experiment2/binned_outputs/square_008um/filtered_feature_bc_matrix/matrix.mtx.gz",
                "count/Visium_HD_Human_Lung_Cancer_HD_Only_Experiment2/binned_outputs/square_008um/raw_feature_bc_matrix",
                "count/Visium_HD_Human_Lung_Cancer_HD_Only_Experiment2/binned_outputs/square_008um/raw_feature_bc_matrix.h5",
                "count/Visium_HD_Human_Lung_Cancer_HD_Only_Experiment2/binned_outputs/square_008um/raw_feature_bc_matrix/barcodes.tsv.gz",
                "count/Visium_HD_Human_Lung_Cancer_HD_Only_Experiment2/binned_outputs/square_008um/raw_feature_bc_matrix/features.tsv.gz",
                "count/Visium_HD_Human_Lung_Cancer_HD_Only_Experiment2/binned_outputs/square_008um/raw_feature_bc_matrix/matrix.mtx.gz",
                "count/Visium_HD_Human_Lung_Cancer_HD_Only_Experiment2/binned_outputs/square_008um/spatial",
                "count/Visium_HD_Human_Lung_Cancer_HD_Only_Experiment2/binned_outputs/square_008um/spatial/aligned_fiducials.jpg",
                "count/Visium_HD_Human_Lung_Cancer_HD_Only_Experiment2/binned_outputs/square_008um/spatial/aligned_tissue_image.jpg",
                "count/Visium_HD_Human_Lung_Cancer_HD_Only_Experiment2/binned_outputs/square_008um/spatial/cytassist_image.tiff",
                "count/Visium_HD_Human_Lung_Cancer_HD_Only_Experiment2/binned_outputs/square_008um/spatial/detected_tissue_image.jpg",
                "count/Visium_HD_Human_Lung_Cancer_HD_Only_Experiment2/binned_outputs/square_008um/spatial/scalefactors_json.json",
                "count/Visium_HD_Human_Lung_Cancer_HD_Only_Experiment2/binned_outputs/square_008um/spatial/tissue_hires_image.png",
                "count/Visium_HD_Human_Lung_Cancer_HD_Only_Experiment2/binned_outputs/square_008um/spatial/tissue_lowres_image.png",
                "count/Visium_HD_Human_Lung_Cancer_HD_Only_Experiment2/binned_outputs/square_008um/spatial/tissue_positions.parquet",
                "count/Visium_HD_Human_Lung_Cancer_HD_Only_Experiment2/binned_outputs/square_016um",
                "count/Visium_HD_Human_Lung_Cancer_HD_Only_Experiment2/binned_outputs/square_016um/analysis",
                "count/Visium_HD_Human_Lung_Cancer_HD_Only_Experiment2/binned_outputs/square_016um/analysis/clustering",
                "count/Visium_HD_Human_Lung_Cancer_HD_Only_Experiment2/binned_outputs/square_016um/analysis/clustering/gene_expression_graphclust",
                "count/Visium_HD_Human_Lung_Cancer_HD_Only_Experiment2/binned_outputs/square_016um/analysis/clustering/gene_expression_graphclust/clusters.csv",
                "count/Visium_HD_Human_Lung_Cancer_HD_Only_Experiment2/binned_outputs/square_016um/analysis/clustering/gene_expression_kmeans_10_clusters",
                "count/Visium_HD_Human_Lung_Cancer_HD_Only_Experiment2/binned_outputs/square_016um/analysis/clustering/gene_expression_kmeans_10_clusters/clusters.csv",
                "count/Visium_HD_Human_Lung_Cancer_HD_Only_Experiment2/binned_outputs/square_016um/analysis/clustering/gene_expression_kmeans_2_clusters",
                "count/Visium_HD_Human_Lung_Cancer_HD_Only_Experiment2/binned_outputs/square_016um/analysis/clustering/gene_expression_kmeans_2_clusters/clusters.csv",
                "count/Visium_HD_Human_Lung_Cancer_HD_Only_Experiment2/binned_outputs/square_016um/analysis/clustering/gene_expression_kmeans_3_clusters",
                "count/Visium_HD_Human_Lung_Cancer_HD_Only_Experiment2/binned_outputs/square_016um/analysis/clustering/gene_expression_kmeans_3_clusters/clusters.csv",
                "count/Visium_HD_Human_Lung_Cancer_HD_Only_Experiment2/binned_outputs/square_016um/analysis/clustering/gene_expression_kmeans_4_clusters",
                "count/Visium_HD_Human_Lung_Cancer_HD_Only_Experiment2/binned_outputs/square_016um/analysis/clustering/gene_expression_kmeans_4_clusters/clusters.csv",
                "count/Visium_HD_Human_Lung_Cancer_HD_Only_Experiment2/binned_outputs/square_016um/analysis/clustering/gene_expression_kmeans_5_clusters",
                "count/Visium_HD_Human_Lung_Cancer_HD_Only_Experiment2/binned_outputs/square_016um/analysis/clustering/gene_expression_kmeans_5_clusters/clusters.csv",
                "count/Visium_HD_Human_Lung_Cancer_HD_Only_Experiment2/binned_outputs/square_016um/analysis/clustering/gene_expression_kmeans_6_clusters",
                "count/Visium_HD_Human_Lung_Cancer_HD_Only_Experiment2/binned_outputs/square_016um/analysis/clustering/gene_expression_kmeans_6_clusters/clusters.csv",
                "count/Visium_HD_Human_Lung_Cancer_HD_Only_Experiment2/binned_outputs/square_016um/analysis/clustering/gene_expression_kmeans_7_clusters",
                "count/Visium_HD_Human_Lung_Cancer_HD_Only_Experiment2/binned_outputs/square_016um/analysis/clustering/gene_expression_kmeans_7_clusters/clusters.csv",
                "count/Visium_HD_Human_Lung_Cancer_HD_Only_Experiment2/binned_outputs/square_016um/analysis/clustering/gene_expression_kmeans_8_clusters",
                "count/Visium_HD_Human_Lung_Cancer_HD_Only_Experiment2/binned_outputs/square_016um/analysis/clustering/gene_expression_kmeans_8_clusters/clusters.csv",
                "count/Visium_HD_Human_Lung_Cancer_HD_Only_Experiment2/binned_outputs/square_016um/analysis/clustering/gene_expression_kmeans_9_clusters",
                "count/Visium_HD_Human_Lung_Cancer_HD_Only_Experiment2/binned_outputs/square_016um/analysis/clustering/gene_expression_kmeans_9_clusters/clusters.csv",
                "count/Visium_HD_Human_Lung_Cancer_HD_Only_Experiment2/binned_outputs/square_016um/analysis/diffexp",
                "count/Visium_HD_Human_Lung_Cancer_HD_Only_Experiment2/binned_outputs/square_016um/analysis/diffexp/gene_expression_graphclust",
                "count/Visium_HD_Human_Lung_Cancer_HD_Only_Experiment2/binned_outputs/square_016um/analysis/diffexp/gene_expression_graphclust/differential_expression.csv",
                "count/Visium_HD_Human_Lung_Cancer_HD_Only_Experiment2/binned_outputs/square_016um/analysis/diffexp/gene_expression_kmeans_10_clusters",
                "count/Visium_HD_Human_Lung_Cancer_HD_Only_Experiment2/binned_outputs/square_016um/analysis/diffexp/gene_expression_kmeans_10_clusters/differential_expression.csv",
                "count/Visium_HD_Human_Lung_Cancer_HD_Only_Experiment2/binned_outputs/square_016um/analysis/diffexp/gene_expression_kmeans_2_clusters",
                "count/Visium_HD_Human_Lung_Cancer_HD_Only_Experiment2/binned_outputs/square_016um/analysis/diffexp/gene_expression_kmeans_2_clusters/differential_expression.csv",
                "count/Visium_HD_Human_Lung_Cancer_HD_Only_Experiment2/binned_outputs/square_016um/analysis/diffexp/gene_expression_kmeans_3_clusters",
                "count/Visium_HD_Human_Lung_Cancer_HD_Only_Experiment2/binned_outputs/square_016um/analysis/diffexp/gene_expression_kmeans_3_clusters/differential_expression.csv",
                "count/Visium_HD_Human_Lung_Cancer_HD_Only_Experiment2/binned_outputs/square_016um/analysis/diffexp/gene_expression_kmeans_4_clusters",
                "count/Visium_HD_Human_Lung_Cancer_HD_Only_Experiment2/binned_outputs/square_016um/analysis/diffexp/gene_expression_kmeans_4_clusters/differential_expression.csv",
                "count/Visium_HD_Human_Lung_Cancer_HD_Only_Experiment2/binned_outputs/square_016um/analysis/diffexp/gene_expression_kmeans_5_clusters",
                "count/Visium_HD_Human_Lung_Cancer_HD_Only_Experiment2/binned_outputs/square_016um/analysis/diffexp/gene_expression_kmeans_5_clusters/differential_expression.csv",
                "count/Visium_HD_Human_Lung_Cancer_HD_Only_Experiment2/binned_outputs/square_016um/analysis/diffexp/gene_expression_kmeans_6_clusters",
                "count/Visium_HD_Human_Lung_Cancer_HD_Only_Experiment2/binned_outputs/square_016um/analysis/diffexp/gene_expression_kmeans_6_clusters/differential_expression.csv",
                "count/Visium_HD_Human_Lung_Cancer_HD_Only_Experiment2/binned_outputs/square_016um/analysis/diffexp/gene_expression_kmeans_7_clusters",
                "count/Visium_HD_Human_Lung_Cancer_HD_Only_Experiment2/binned_outputs/square_016um/analysis/diffexp/gene_expression_kmeans_7_clusters/differential_expression.csv",
                "count/Visium_HD_Human_Lung_Cancer_HD_Only_Experiment2/binned_outputs/square_016um/analysis/diffexp/gene_expression_kmeans_8_clusters",
                "count/Visium_HD_Human_Lung_Cancer_HD_Only_Experiment2/binned_outputs/square_016um/analysis/diffexp/gene_expression_kmeans_8_clusters/differential_expression.csv",
                "count/Visium_HD_Human_Lung_Cancer_HD_Only_Experiment2/binned_outputs/square_016um/analysis/diffexp/gene_expression_kmeans_9_clusters",
                "count/Visium_HD_Human_Lung_Cancer_HD_Only_Experiment2/binned_outputs/square_016um/analysis/diffexp/gene_expression_kmeans_9_clusters/differential_expression.csv",
                "count/Visium_HD_Human_Lung_Cancer_HD_Only_Experiment2/binned_outputs/square_016um/analysis/pca",
                "count/Visium_HD_Human_Lung_Cancer_HD_Only_Experiment2/binned_outputs/square_016um/analysis/pca/gene_expression_10_components",
                "count/Visium_HD_Human_Lung_Cancer_HD_Only_Experiment2/binned_outputs/square_016um/analysis/pca/gene_expression_10_components/components.csv",
                "count/Visium_HD_Human_Lung_Cancer_HD_Only_Experiment2/binned_outputs/square_016um/analysis/pca/gene_expression_10_components/dispersion.csv",
                "count/Visium_HD_Human_Lung_Cancer_HD_Only_Experiment2/binned_outputs/square_016um/analysis/pca/gene_expression_10_components/features_selected.csv",
                "count/Visium_HD_Human_Lung_Cancer_HD_Only_Experiment2/binned_outputs/square_016um/analysis/pca/gene_expression_10_components/projection.csv",
                "count/Visium_HD_Human_Lung_Cancer_HD_Only_Experiment2/binned_outputs/square_016um/analysis/pca/gene_expression_10_components/variance.csv",
                "count/Visium_HD_Human_Lung_Cancer_HD_Only_Experiment2/binned_outputs/square_016um/analysis/umap",
                "count/Visium_HD_Human_Lung_Cancer_HD_Only_Experiment2/binned_outputs/square_016um/analysis/umap/gene_expression_2_components",
                "count/Visium_HD_Human_Lung_Cancer_HD_Only_Experiment2/binned_outputs/square_016um/analysis/umap/gene_expression_2_components/projection.csv",
                "count/Visium_HD_Human_Lung_Cancer_HD_Only_Experiment2/binned_outputs/square_016um/filtered_feature_bc_matrix",
                "count/Visium_HD_Human_Lung_Cancer_HD_Only_Experiment2/binned_outputs/square_016um/filtered_feature_bc_matrix.h5",
                "count/Visium_HD_Human_Lung_Cancer_HD_Only_Experiment2/binned_outputs/square_016um/filtered_feature_bc_matrix/barcodes.tsv.gz",
                "count/Visium_HD_Human_Lung_Cancer_HD_Only_Experiment2/binned_outputs/square_016um/filtered_feature_bc_matrix/features.tsv.gz",
                "count/Visium_HD_Human_Lung_Cancer_HD_Only_Experiment2/binned_outputs/square_016um/filtered_feature_bc_matrix/matrix.mtx.gz",
                "count/Visium_HD_Human_Lung_Cancer_HD_Only_Experiment2/binned_outputs/square_016um/raw_feature_bc_matrix",
                "count/Visium_HD_Human_Lung_Cancer_HD_Only_Experiment2/binned_outputs/square_016um/raw_feature_bc_matrix.h5",
                "count/Visium_HD_Human_Lung_Cancer_HD_Only_Experiment2/binned_outputs/square_016um/raw_feature_bc_matrix/barcodes.tsv.gz",
                "count/Visium_HD_Human_Lung_Cancer_HD_Only_Experiment2/binned_outputs/square_016um/raw_feature_bc_matrix/features.tsv.gz",
                "count/Visium_HD_Human_Lung_Cancer_HD_Only_Experiment2/binned_outputs/square_016um/raw_feature_bc_matrix/matrix.mtx.gz",
                "count/Visium_HD_Human_Lung_Cancer_HD_Only_Experiment2/binned_outputs/square_016um/spatial",
                "count/Visium_HD_Human_Lung_Cancer_HD_Only_Experiment2/binned_outputs/square_016um/spatial/aligned_fiducials.jpg",
                "count/Visium_HD_Human_Lung_Cancer_HD_Only_Experiment2/binned_outputs/square_016um/spatial/aligned_tissue_image.jpg",
                "count/Visium_HD_Human_Lung_Cancer_HD_Only_Experiment2/binned_outputs/square_016um/spatial/cytassist_image.tiff",
                "count/Visium_HD_Human_Lung_Cancer_HD_Only_Experiment2/binned_outputs/square_016um/spatial/detected_tissue_image.jpg",
                "count/Visium_HD_Human_Lung_Cancer_HD_Only_Experiment2/binned_outputs/square_016um/spatial/scalefactors_json.json",
                "count/Visium_HD_Human_Lung_Cancer_HD_Only_Experiment2/binned_outputs/square_016um/spatial/tissue_hires_image.png",
                "count/Visium_HD_Human_Lung_Cancer_HD_Only_Experiment2/binned_outputs/square_016um/spatial/tissue_lowres_image.png",
                "count/Visium_HD_Human_Lung_Cancer_HD_Only_Experiment2/binned_outputs/square_016um/spatial/tissue_positions.parquet",
                "count/Visium_HD_Human_Lung_Cancer_HD_Only_Experiment2/cloupe_008um.cloupe",
                "count/Visium_HD_Human_Lung_Cancer_HD_Only_Experiment2/feature_slice.h5",
                "count/Visium_HD_Human_Lung_Cancer_HD_Only_Experiment2/metrics_summary.csv",
                "count/Visium_HD_Human_Lung_Cancer_HD_Only_Experiment2/molecule_info.h5",
                "count/Visium_HD_Human_Lung_Cancer_HD_Only_Experiment2/possorted_genome_bam.bam",
                "count/Visium_HD_Human_Lung_Cancer_HD_Only_Experiment2/possorted_genome_bam.bam.bai",
                "count/Visium_HD_Human_Lung_Cancer_HD_Only_Experiment2/probe_set.csv",
                "count/Visium_HD_Human_Lung_Cancer_HD_Only_Experiment2/spatial",
                "count/Visium_HD_Human_Lung_Cancer_HD_Only_Experiment2/spatial/aligned_fiducials.jpg",
                "count/Visium_HD_Human_Lung_Cancer_HD_Only_Experiment2/spatial/aligned_tissue_image.jpg",
                "count/Visium_HD_Human_Lung_Cancer_HD_Only_Experiment2/spatial/cytassist_image.tiff",
                "count/Visium_HD_Human_Lung_Cancer_HD_Only_Experiment2/spatial/detected_tissue_image.jpg",
                "count/Visium_HD_Human_Lung_Cancer_HD_Only_Experiment2/spatial/tissue_hires_image.png",
                "count/Visium_HD_Human_Lung_Cancer_HD_Only_Experiment2/spatial/tissue_lowres_image.png",
                "count/Visium_HD_Human_Lung_Cancer_HD_Only_Experiment2_web_summary.html",
                "fastqc",
                "fastqc/Visium_HD_Human_Lung_Cancer_HD_Only_Experiment2_1_fastqc.html",
                "fastqc/Visium_HD_Human_Lung_Cancer_HD_Only_Experiment2_1_fastqc.zip",
                "fastqc/Visium_HD_Human_Lung_Cancer_HD_Only_Experiment2_2_fastqc.html",
                "fastqc/Visium_HD_Human_Lung_Cancer_HD_Only_Experiment2_2_fastqc.zip",
                "multiqc",
                "multiqc/multiqc_data",
                "multiqc/multiqc_data/fastqc_per_base_n_content_plot.txt",
                "multiqc/multiqc_data/fastqc_per_base_sequence_quality_plot.txt",
                "multiqc/multiqc_data/fastqc_per_sequence_quality_scores_plot.txt",
                "multiqc/multiqc_data/fastqc_sequence_counts_plot.txt",
                "multiqc/multiqc_data/llms-full.txt",
                "multiqc/multiqc_data/multiqc.log",
                "multiqc/multiqc_data/multiqc.parquet",
                "multiqc/multiqc_data/multiqc_citations.txt",
                "multiqc/multiqc_data/multiqc_data.json",
                "multiqc/multiqc_data/multiqc_fastqc.txt",
                "multiqc/multiqc_data/multiqc_general_stats.txt",
                "multiqc/multiqc_data/multiqc_qc_metrics_table.txt",
                "multiqc/multiqc_data/multiqc_segmentation_stats_table.txt",
                "multiqc/multiqc_data/multiqc_software_versions.txt",
                "multiqc/multiqc_data/multiqc_sources.txt",
                "multiqc/multiqc_data/multiqc_spaceranger_metrics_16um.txt",
                "multiqc/multiqc_data/multiqc_spaceranger_metrics_2um.txt",
                "multiqc/multiqc_data/multiqc_spaceranger_metrics_8um.txt",
                "multiqc/multiqc_data/multiqc_spaceranger_metrics_mapping.txt",
                "multiqc/multiqc_data/multiqc_spaceranger_metrics_sequencing.txt",
                "multiqc/multiqc_plots",
                "multiqc/multiqc_plots/pdf",
                "multiqc/multiqc_plots/pdf/fastqc_per_base_n_content_plot.pdf",
                "multiqc/multiqc_plots/pdf/fastqc_per_base_sequence_quality_plot.pdf",
                "multiqc/multiqc_plots/pdf/fastqc_per_sequence_quality_scores_plot.pdf",
                "multiqc/multiqc_plots/pdf/fastqc_sequence_counts_plot-cnt.pdf",
                "multiqc/multiqc_plots/pdf/fastqc_sequence_counts_plot-pct.pdf",
                "multiqc/multiqc_plots/pdf/qc_metrics_table.pdf",
                "multiqc/multiqc_plots/pdf/segmentation_stats_table.pdf",
                "multiqc/multiqc_plots/pdf/spaceranger_metrics_16um.pdf",
                "multiqc/multiqc_plots/pdf/spaceranger_metrics_2um.pdf",
                "multiqc/multiqc_plots/pdf/spaceranger_metrics_8um.pdf",
                "multiqc/multiqc_plots/pdf/spaceranger_metrics_mapping.pdf",
                "multiqc/multiqc_plots/pdf/spaceranger_metrics_sequencing.pdf",
                "multiqc/multiqc_plots/png",
                "multiqc/multiqc_plots/png/fastqc_per_base_n_content_plot.png",
                "multiqc/multiqc_plots/png/fastqc_per_base_sequence_quality_plot.png",
                "multiqc/multiqc_plots/png/fastqc_per_sequence_quality_scores_plot.png",
                "multiqc/multiqc_plots/png/fastqc_sequence_counts_plot-cnt.png",
                "multiqc/multiqc_plots/png/fastqc_sequence_counts_plot-pct.png",
                "multiqc/multiqc_plots/png/qc_metrics_table.png",
                "multiqc/multiqc_plots/png/segmentation_stats_table.png",
                "multiqc/multiqc_plots/png/spaceranger_metrics_16um.png",
                "multiqc/multiqc_plots/png/spaceranger_metrics_2um.png",
                "multiqc/multiqc_plots/png/spaceranger_metrics_8um.png",
                "multiqc/multiqc_plots/png/spaceranger_metrics_mapping.png",
                "multiqc/multiqc_plots/png/spaceranger_metrics_sequencing.png",
                "multiqc/multiqc_plots/svg",
                "multiqc/multiqc_plots/svg/fastqc_per_base_n_content_plot.svg",
                "multiqc/multiqc_plots/svg/fastqc_per_base_sequence_quality_plot.svg",
                "multiqc/multiqc_plots/svg/fastqc_per_sequence_quality_scores_plot.svg",
                "multiqc/multiqc_plots/svg/fastqc_sequence_counts_plot-cnt.svg",
                "multiqc/multiqc_plots/svg/fastqc_sequence_counts_plot-pct.svg",
                "multiqc/multiqc_plots/svg/qc_metrics_table.svg",
                "multiqc/multiqc_plots/svg/segmentation_stats_table.svg",
                "multiqc/multiqc_plots/svg/spaceranger_metrics_16um.svg",
                "multiqc/multiqc_plots/svg/spaceranger_metrics_2um.svg",
                "multiqc/multiqc_plots/svg/spaceranger_metrics_8um.svg",
                "multiqc/multiqc_plots/svg/spaceranger_metrics_mapping.svg",
                "multiqc/multiqc_plots/svg/spaceranger_metrics_sequencing.svg",
                "multiqc/multiqc_report.html",
                "pipeline_info",
                "pipeline_info/spatialomics_software_mqc_versions.yml",
                "quality_control",
                "quality_control/Visium_HD_Human_Lung_Cancer_HD_Only_Experiment2_qc_distributions.png",
                "quality_control/Visium_HD_Human_Lung_Cancer_HD_Only_Experiment2_qc_mqc.png",
                "quality_control/qc_metrics.csv"
            ],
            [
                "Visium_HD_Human_Lung_Cancer_HD_Only_Experiment2_mask.tif:md5,05358cddd01161e2b8407d64555e36b9",
                "filtered_feature_bc_matrix.h5:md5,0c04bf2ea059df078bec3e765b1f3105",
                "barcodes.tsv.gz:md5,b24a9f7bb39f2dcd4e662cbe1eaf7763",
                "features.tsv.gz:md5,53092c021f35473a120886f08871c246",
                "matrix.mtx.gz:md5,d1ecd2fb7cf480e5bfc3414e6c7b1de1",
                "raw_feature_bc_matrix.h5:md5,cc100e1940be13298e293960cf2b1fa5",
                "barcodes.tsv.gz:md5,789306c4252f46be30e2dcc9ebfe91a9",
                "features.tsv.gz:md5,cf40b533d41bbb2f197ed8d75b3a9a67",
                "matrix.mtx.gz:md5,1f130be805f03ee6cd6dcd094fee14d2",
                "raw_probe_bc_matrix.h5:md5,24b422f16dd3ee066996545141d16316",
                "aligned_fiducials.jpg:md5,edde03debc796feed00857c268c6f917",
                "aligned_tissue_image.jpg:md5,aa844ffd606a7070c5d0de847c723b76",
                "cytassist_image.tiff:md5,1328dd8ea02922375719f38e3de516ca",
                "detected_tissue_image.jpg:md5,d4ba1f337bbf9a6d4028139b8acb2411",
                "scalefactors_json.json:md5,6c3cc8f4a05b2d6a23e1e20ee0a01a19",
                "tissue_hires_image.png:md5,e86177781b07119c5a680ea4af1d1d0d",
                "tissue_lowres_image.png:md5,9aad2a56128c450c76fabbb44fb4c85a",
                "tissue_positions.parquet:md5,f2c8f9936e5228ff2039aef143ea88e9",
                "clusters.csv:md5,d4d0ca34ccd1259963b74a76bdf9b0f3",
                "clusters.csv:md5,474edba1d0ea761243ea8a11dacffbd3",
                "clusters.csv:md5,7bdd979786bf8d3e604b46df7639529e",
                "clusters.csv:md5,3eb561e3800ad198c138deda84d389d1",
                "clusters.csv:md5,d22c14592230fa3c438b3c4eb5e8a4da",
                "clusters.csv:md5,9c6b5209737c23afa9ca7f4d32fb72fe",
                "clusters.csv:md5,fe1056a04988d5f775d97c9e6d35ce74",
                "clusters.csv:md5,2784e4e76ac20f912dec24e2c362d214",
                "clusters.csv:md5,4f5fa1622a41fccb3a36167963247875",
                "clusters.csv:md5,4877555fb827480317cdca9f85309d67",
                "differential_expression.csv:md5,f14db6a829c7b65a5652e387f81801b8",
                "differential_expression.csv:md5,9117294c879f9047452e1296f13221ee",
                "differential_expression.csv:md5,06746aa3c918d0b9f715591bf6bb940a",
                "differential_expression.csv:md5,5ad1bf02052f07618ee7ed4c842e7a94",
                "differential_expression.csv:md5,483808c3b3a6cdad274ca795616be715",
                "differential_expression.csv:md5,893e66660bd50c1bb78fb5d34f46a4be",
                "differential_expression.csv:md5,31167d10756517bd7a19c1602efd6597",
                "differential_expression.csv:md5,6ef899cb4dd1f2f424d9c52293b9b88a",
                "differential_expression.csv:md5,32c54cd9fefe50c5cbb305c6f87232ee",
                "differential_expression.csv:md5,03a1c90d247012bc695391ebb57b1757",
                "dispersion.csv:md5,825408c9678100049f0244361138a844",
                "features_selected.csv:md5,7fcad5f834af732ca287ad6ce3901b37",
                "filtered_feature_bc_matrix.h5:md5,6363415f0bfdbdae9a3eab5c8d838ae8",
                "barcodes.tsv.gz:md5,2f707eec36c8c8478071836e375c589d",
                "features.tsv.gz:md5,53092c021f35473a120886f08871c246",
                "matrix.mtx.gz:md5,a127fb34124de78334c89568f9cb0f6e",
                "raw_feature_bc_matrix.h5:md5,9bf24de28e22e54c325cbc678c1c2bf0",
                "barcodes.tsv.gz:md5,a957a85f886ee2faa4c3c9b7283390d7",
                "features.tsv.gz:md5,cf40b533d41bbb2f197ed8d75b3a9a67",
                "matrix.mtx.gz:md5,a9d3761e7a168aaf8c9acae92c649c60",
                "aligned_fiducials.jpg:md5,edde03debc796feed00857c268c6f917",
                "aligned_tissue_image.jpg:md5,aa844ffd606a7070c5d0de847c723b76",
                "cytassist_image.tiff:md5,1328dd8ea02922375719f38e3de516ca",
                "detected_tissue_image.jpg:md5,d4ba1f337bbf9a6d4028139b8acb2411",
                "scalefactors_json.json:md5,4ce0b83ceb37ea83dfa9546f46512fd0",
                "tissue_hires_image.png:md5,e86177781b07119c5a680ea4af1d1d0d",
                "tissue_lowres_image.png:md5,9aad2a56128c450c76fabbb44fb4c85a",
                "tissue_positions.parquet:md5,7da6c10b7858c1b7eef4412e9418a81c",
                "clusters.csv:md5,33e68b2ac4f23b949f6e06065bac5e13",
                "clusters.csv:md5,2bdb92f776afbb8d16fd05cbb7642ac9",
                "clusters.csv:md5,cacfbe32cdd8bfa4ff4f43afbbadd2bd",
                "clusters.csv:md5,23a5200080ffc313c226598cc9ebc013",
                "clusters.csv:md5,28bd7a610bc231179044d4f803e03c83",
                "clusters.csv:md5,28a973fba1b2e537b2ed329d307f96d8",
                "clusters.csv:md5,4d3f82fc468cc2f66c5cba9f99644d0d",
                "clusters.csv:md5,4a6a4eb5b1e7347e879a75e620207399",
                "clusters.csv:md5,b72fba5accda209349a74161cd80b66e",
                "clusters.csv:md5,56e786b7caf256f3fdae080599b9df19",
                "differential_expression.csv:md5,e88934c82df8feda578464705407d6a1",
                "differential_expression.csv:md5,f86baad8d3b85c9a662df80566114b4b",
                "differential_expression.csv:md5,1ec1a899a52b55bf76cf2e8642f7f87e",
                "differential_expression.csv:md5,326a23b2785d65689865e4cad56bf85f",
                "differential_expression.csv:md5,8e0b189ad6685485927bc13388722eff",
                "differential_expression.csv:md5,797413d66d7a14e09e750dfae793ab47",
                "differential_expression.csv:md5,006b412987feecd73ab1e322869489b0",
                "differential_expression.csv:md5,dfb5f98340cba636ca16f236603dbef4",
                "differential_expression.csv:md5,b304a7500e32f090e7705f730a10e2b0",
                "differential_expression.csv:md5,fb3f5bc3776ac2e6d67decdcb32dcd24",
                "dispersion.csv:md5,7a3d38d43bc8d6b328de90cfbe90660c",
                "features_selected.csv:md5,708baf61d4532a9aab66d2446475ab7c",
                "filtered_feature_bc_matrix.h5:md5,5c1578fe690b046a2335e864312fca41",
                "barcodes.tsv.gz:md5,ec696f2a78ecb6aa4ff17afad0ebe075",
                "features.tsv.gz:md5,53092c021f35473a120886f08871c246",
                "matrix.mtx.gz:md5,8c9e0abfb0426a48db10062fd7344cbd",
                "raw_feature_bc_matrix.h5:md5,8902051359ec4289f646d928fb544c82",
                "barcodes.tsv.gz:md5,9513855a385313d295d275f0caaa63e6",
                "features.tsv.gz:md5,cf40b533d41bbb2f197ed8d75b3a9a67",
                "matrix.mtx.gz:md5,adf9f0f95131da595d6fb640e4b227ca",
                "aligned_fiducials.jpg:md5,edde03debc796feed00857c268c6f917",
                "aligned_tissue_image.jpg:md5,aa844ffd606a7070c5d0de847c723b76",
                "cytassist_image.tiff:md5,1328dd8ea02922375719f38e3de516ca",
                "detected_tissue_image.jpg:md5,d4ba1f337bbf9a6d4028139b8acb2411",
                "scalefactors_json.json:md5,82571fd942409abcfb7b0bd17fa63faf",
                "tissue_hires_image.png:md5,e86177781b07119c5a680ea4af1d1d0d",
                "tissue_lowres_image.png:md5,9aad2a56128c450c76fabbb44fb4c85a",
                "tissue_positions.parquet:md5,36c859a18ff9c86cd1279ac96c433627",
                "metrics_summary.csv:md5,bade113e17b62be4e41cd3c98b6e1c81",
                "possorted_genome_bam.bam:md5,c9e1bfe554e6762bae55bf733cb9f221",
                "possorted_genome_bam.bam.bai:md5,76e1653a2f2620e3e6dfb4fee4d4171d",
                "probe_set.csv:md5,a74f1583689de3c9f95164b2fc090194",
                "aligned_fiducials.jpg:md5,edde03debc796feed00857c268c6f917",
                "aligned_tissue_image.jpg:md5,aa844ffd606a7070c5d0de847c723b76",
                "cytassist_image.tiff:md5,1328dd8ea02922375719f38e3de516ca",
                "detected_tissue_image.jpg:md5,d4ba1f337bbf9a6d4028139b8acb2411",
                "tissue_hires_image.png:md5,e86177781b07119c5a680ea4af1d1d0d",
                "tissue_lowres_image.png:md5,9aad2a56128c450c76fabbb44fb4c85a",
                "fastqc_per_base_n_content_plot.txt:md5,60c30869b5226368bf9e42881e1f06b8",
                "fastqc_per_base_sequence_quality_plot.txt:md5,4fdbdc0489bca53bdf3463a7d47154e6",
                "fastqc_per_sequence_quality_scores_plot.txt:md5,d5e2d3fe59e5ef3f3664febe74e3549d",
                "fastqc_sequence_counts_plot.txt:md5,19494d2928422e419de7a9ea447327f8",
                "multiqc_citations.txt:md5,4c806e63a283ec1b7e78cdae3a923d4f",
                "multiqc_fastqc.txt:md5,6c8ca51029ac53d1eb6d9ea10817f8bc",
                "multiqc_general_stats.txt:md5,554524defe1c2e35beb958d7bda08d6a",
                "multiqc_qc_metrics_table.txt:md5,98038f8c40d7778037d0c3cf2137d475",
                "multiqc_segmentation_stats_table.txt:md5,d6740c8b6c18d17e12ac953d2dd9f833",
                "multiqc_spaceranger_metrics_16um.txt:md5,53bdf0cb04233d4fc054d50ec77e37ac",
                "multiqc_spaceranger_metrics_2um.txt:md5,53bdf0cb04233d4fc054d50ec77e37ac",
                "multiqc_spaceranger_metrics_8um.txt:md5,53bdf0cb04233d4fc054d50ec77e37ac",
                "multiqc_spaceranger_metrics_mapping.txt:md5,53bdf0cb04233d4fc054d50ec77e37ac",
                "multiqc_spaceranger_metrics_sequencing.txt:md5,53bdf0cb04233d4fc054d50ec77e37ac",
                "Visium_HD_Human_Lung_Cancer_HD_Only_Experiment2_qc_distributions.png:md5,f58286c4bef9af7829189edd4bac1e4a",
                "Visium_HD_Human_Lung_Cancer_HD_Only_Experiment2_qc_mqc.png:md5,c96592ce58051b60ef5c803d074c0ecb",
                "qc_metrics.csv:md5,09fd79b1ea208da8976c362aa334c562"
            ]
        ],
        "meta": {
            "nf-test": "0.9.3",
            "nextflow": "25.10.4"
        },
        "timestamp": "2026-05-15T18:04:44.496874916"
    }
}