{
    "-profile test": {
        "content": [
            {
                "CAT_FASTQ": {
                    "cat": 9.5
                },
                "FASTQC": {
                    "fastqc": "0.12.1"
                },
                "FQ_LINT": {
                    "fq": "0.12.0 (2024-07-08)"
                },
                "Workflow": {
                    "nfdata-omics/spatialomics": "v0.0.1dev"
                }
            },
            [
                "cat",
                "cat/Visium_HD_Human_Lung_Cancer_HD_Only_Experiment2_1.merged.fastq.gz",
                "cat/Visium_HD_Human_Lung_Cancer_HD_Only_Experiment2_2.merged.fastq.gz",
                "fastqc",
                "fastqc/Visium_HD_Human_Lung_Cancer_HD_Only_Experiment2_1_fastqc.html",
                "fastqc/Visium_HD_Human_Lung_Cancer_HD_Only_Experiment2_1_fastqc.zip",
                "fastqc/Visium_HD_Human_Lung_Cancer_HD_Only_Experiment2_2_fastqc.html",
                "fastqc/Visium_HD_Human_Lung_Cancer_HD_Only_Experiment2_2_fastqc.zip",
                "fq",
                "fq/Visium_HD_Human_Lung_Cancer_HD_Only_Experiment2.fq_lint.txt",
                "multiqc",
                "multiqc/multiqc_data",
                "multiqc/multiqc_data/fastqc-status-check-heatmap.txt",
                "multiqc/multiqc_data/fastqc_overrepresented_sequences_plot.txt",
                "multiqc/multiqc_data/fastqc_per_base_n_content_plot.txt",
                "multiqc/multiqc_data/fastqc_per_base_sequence_quality_plot.txt",
                "multiqc/multiqc_data/fastqc_per_sequence_gc_content_plot_Counts.txt",
                "multiqc/multiqc_data/fastqc_per_sequence_gc_content_plot_Percentages.txt",
                "multiqc/multiqc_data/fastqc_per_sequence_quality_scores_plot.txt",
                "multiqc/multiqc_data/fastqc_sequence_counts_plot.txt",
                "multiqc/multiqc_data/fastqc_sequence_duplication_levels_plot.txt",
                "multiqc/multiqc_data/fastqc_top_overrepresented_sequences_table.txt",
                "multiqc/multiqc_data/llms-full.txt",
                "multiqc/multiqc_data/multiqc.log",
                "multiqc/multiqc_data/multiqc.parquet",
                "multiqc/multiqc_data/multiqc_citations.txt",
                "multiqc/multiqc_data/multiqc_data.json",
                "multiqc/multiqc_data/multiqc_fastqc.txt",
                "multiqc/multiqc_data/multiqc_general_stats.txt",
                "multiqc/multiqc_data/multiqc_software_versions.txt",
                "multiqc/multiqc_data/multiqc_sources.txt",
                "multiqc/multiqc_plots",
                "multiqc/multiqc_plots/pdf",
                "multiqc/multiqc_plots/pdf/fastqc-status-check-heatmap.pdf",
                "multiqc/multiqc_plots/pdf/fastqc_overrepresented_sequences_plot.pdf",
                "multiqc/multiqc_plots/pdf/fastqc_per_base_n_content_plot.pdf",
                "multiqc/multiqc_plots/pdf/fastqc_per_base_sequence_quality_plot.pdf",
                "multiqc/multiqc_plots/pdf/fastqc_per_sequence_gc_content_plot_Counts.pdf",
                "multiqc/multiqc_plots/pdf/fastqc_per_sequence_gc_content_plot_Percentages.pdf",
                "multiqc/multiqc_plots/pdf/fastqc_per_sequence_quality_scores_plot.pdf",
                "multiqc/multiqc_plots/pdf/fastqc_sequence_counts_plot-cnt.pdf",
                "multiqc/multiqc_plots/pdf/fastqc_sequence_counts_plot-pct.pdf",
                "multiqc/multiqc_plots/pdf/fastqc_sequence_duplication_levels_plot.pdf",
                "multiqc/multiqc_plots/pdf/fastqc_top_overrepresented_sequences_table.pdf",
                "multiqc/multiqc_plots/png",
                "multiqc/multiqc_plots/png/fastqc-status-check-heatmap.png",
                "multiqc/multiqc_plots/png/fastqc_overrepresented_sequences_plot.png",
                "multiqc/multiqc_plots/png/fastqc_per_base_n_content_plot.png",
                "multiqc/multiqc_plots/png/fastqc_per_base_sequence_quality_plot.png",
                "multiqc/multiqc_plots/png/fastqc_per_sequence_gc_content_plot_Counts.png",
                "multiqc/multiqc_plots/png/fastqc_per_sequence_gc_content_plot_Percentages.png",
                "multiqc/multiqc_plots/png/fastqc_per_sequence_quality_scores_plot.png",
                "multiqc/multiqc_plots/png/fastqc_sequence_counts_plot-cnt.png",
                "multiqc/multiqc_plots/png/fastqc_sequence_counts_plot-pct.png",
                "multiqc/multiqc_plots/png/fastqc_sequence_duplication_levels_plot.png",
                "multiqc/multiqc_plots/png/fastqc_top_overrepresented_sequences_table.png",
                "multiqc/multiqc_plots/svg",
                "multiqc/multiqc_plots/svg/fastqc-status-check-heatmap.svg",
                "multiqc/multiqc_plots/svg/fastqc_overrepresented_sequences_plot.svg",
                "multiqc/multiqc_plots/svg/fastqc_per_base_n_content_plot.svg",
                "multiqc/multiqc_plots/svg/fastqc_per_base_sequence_quality_plot.svg",
                "multiqc/multiqc_plots/svg/fastqc_per_sequence_gc_content_plot_Counts.svg",
                "multiqc/multiqc_plots/svg/fastqc_per_sequence_gc_content_plot_Percentages.svg",
                "multiqc/multiqc_plots/svg/fastqc_per_sequence_quality_scores_plot.svg",
                "multiqc/multiqc_plots/svg/fastqc_sequence_counts_plot-cnt.svg",
                "multiqc/multiqc_plots/svg/fastqc_sequence_counts_plot-pct.svg",
                "multiqc/multiqc_plots/svg/fastqc_sequence_duplication_levels_plot.svg",
                "multiqc/multiqc_plots/svg/fastqc_top_overrepresented_sequences_table.svg",
                "multiqc/multiqc_report.html",
                "pipeline_info",
                "pipeline_info/spatialomics_software_mqc_versions.yml",
                "spaceranger",
                "spaceranger/GRCh38_chr21",
                "spaceranger/GRCh38_chr21/fasta",
                "spaceranger/GRCh38_chr21/fasta/genome.fa",
                "spaceranger/GRCh38_chr21/fasta/genome.fa.fai",
                "spaceranger/GRCh38_chr21/genes",
                "spaceranger/GRCh38_chr21/genes/genes.gtf.gz",
                "spaceranger/GRCh38_chr21/reference.json",
                "spaceranger/GRCh38_chr21/star",
                "spaceranger/GRCh38_chr21/star/Genome",
                "spaceranger/GRCh38_chr21/star/SA",
                "spaceranger/GRCh38_chr21/star/SAindex",
                "spaceranger/GRCh38_chr21/star/chrLength.txt",
                "spaceranger/GRCh38_chr21/star/chrName.txt",
                "spaceranger/GRCh38_chr21/star/chrNameLength.txt",
                "spaceranger/GRCh38_chr21/star/chrStart.txt",
                "spaceranger/GRCh38_chr21/star/exonGeTrInfo.tab",
                "spaceranger/GRCh38_chr21/star/exonInfo.tab",
                "spaceranger/GRCh38_chr21/star/geneInfo.tab",
                "spaceranger/GRCh38_chr21/star/genomeParameters.txt",
                "spaceranger/GRCh38_chr21/star/sjdbInfo.txt",
                "spaceranger/GRCh38_chr21/star/sjdbList.fromGTF.out.tab",
                "spaceranger/GRCh38_chr21/star/sjdbList.out.tab",
                "spaceranger/GRCh38_chr21/star/transcriptInfo.tab"
            ],
            [
                "Visium_HD_Human_Lung_Cancer_HD_Only_Experiment2_1.merged.fastq.gz:md5,ffa0655a818f9c2e1a0d7bc7aa789d56",
                "Visium_HD_Human_Lung_Cancer_HD_Only_Experiment2_2.merged.fastq.gz:md5,23d07d8f5333d96fed828203c2d1c840",
                "Visium_HD_Human_Lung_Cancer_HD_Only_Experiment2.fq_lint.txt:md5,6515137146b3e44204efea56d4a5d9c9",
                "fastqc-status-check-heatmap.txt:md5,4310b189f786b63e554e1db93160a108",
                "fastqc_overrepresented_sequences_plot.txt:md5,29526e23692ce67f210bebbbc649b78c",
                "fastqc_per_base_n_content_plot.txt:md5,60c30869b5226368bf9e42881e1f06b8",
                "fastqc_per_base_sequence_quality_plot.txt:md5,4fdbdc0489bca53bdf3463a7d47154e6",
                "fastqc_per_sequence_gc_content_plot_Counts.txt:md5,6c38ba4c544c7f71f5290c30359658b7",
                "fastqc_per_sequence_gc_content_plot_Percentages.txt:md5,1e4db0b910084bffea76ddd16d5935b5",
                "fastqc_per_sequence_quality_scores_plot.txt:md5,d5e2d3fe59e5ef3f3664febe74e3549d",
                "fastqc_sequence_counts_plot.txt:md5,19494d2928422e419de7a9ea447327f8",
                "fastqc_sequence_duplication_levels_plot.txt:md5,b0bb0df056d4a31dcaec480e98d94939",
                "multiqc_citations.txt:md5,4c806e63a283ec1b7e78cdae3a923d4f",
                "multiqc_fastqc.txt:md5,6c8ca51029ac53d1eb6d9ea10817f8bc",
                "multiqc_general_stats.txt:md5,cf51b986de00e0ef3a35b82d16c5e504",
                "genome.fa:md5,c675070fcf168d7b64cfadc30b5d7b4d",
                "genome.fa.fai:md5,6ea51e1c1231da5e49212ea9f493d703",
                "genes.gtf.gz:md5,0f7fd0379e0fc70735f971377b13e50c",
                "reference.json:md5,359fd1bfe2b4b01ab3037ac04d1610bf",
                "Genome:md5,612664e3cfde5e1b73ad541d93752b31",
                "SA:md5,074ae54177bb7b9cb981382f043f36e5",
                "SAindex:md5,24ce0c200405447cb9dec1714618e92f",
                "chrLength.txt:md5,b0be0a56ddefa84552742c72d4859eac",
                "chrName.txt:md5,e99d7d1051eee43ceab5563c2d09fcee",
                "chrNameLength.txt:md5,c985a141685e8431ec27c782816cb744",
                "chrStart.txt:md5,6925b594ea2eeb964ba87cd6d42ab98f",
                "exonGeTrInfo.tab:md5,a36b92eeceaaf921b9d19cd8e806a98e",
                "exonInfo.tab:md5,bb892190d1ebdd59bf55652916121479",
                "geneInfo.tab:md5,4303e97d841035b5c0fcc3686b2f5a36",
                "genomeParameters.txt:md5,1efd18b59cae82e3cc63f9ffc25ff85b",
                "sjdbInfo.txt:md5,12fb05dc7cea89735a0c19e1c0df61cb",
                "sjdbList.fromGTF.out.tab:md5,d9e4a184cde15a5ab282ff66e740a4a2",
                "sjdbList.out.tab:md5,766fbca932681f8666b3a9e5fb3640bd",
                "transcriptInfo.tab:md5,ad9baa68c5432908b42693edb9aed02a"
            ]
        ],
        "meta": {
            "nf-test": "0.9.2",
            "nextflow": "25.04.8"
        },
        "timestamp": "2025-10-20T14:57:14.219336507"
    }
}